// Jest Snapshot v1, https://goo.gl/fbAQLP

exports[`<ChatApp /> renders ChatApp correctly 1`] = `<LoginPage />`;
